// Jest Snapshot v1, https://goo.gl/fbAQLP

exports[`Logs Renders Logs 1`] = `
<Memo()
  TabsMenu={
    Object {
      "Bulk Downloads": <BulkDownloads />,
      "Call Logs": <CallLogs />,
      "Event Logs": <EventLogs />,
      "My Calls": <MyCalls />,
      "SMS/MMS Logs": <SMSMMSLogs />,
    }
  }
/>
`;
